{
  "activeSiteFlexibility": {
    "BACKBONE_ALPHA": 1,
    "BACKBONE_BETA": 30,
    "SIDECHAIN_ALPHA": 2,
    "SIDECHAIN_BETA": 24,
    "SIDECHAIN_OTHER": 5
  },
  "cationPiInteractions": [],
  "closeContacts": [
    {
      "ligandAtoms": [
        {
          "atomIndex": 5198,
          "atomName": "C11",
          "chain": "A",
          "resID": 501,
          "resName": "3WH"
        }
      ],
      "metrics": {
        "distance": 3.7691796189621964
      },
      "receptorAtoms": [
        {
          "atomIndex": 798,
          "atomName": "N",
          "chain": "A",
          "resID": 152,
          "resName": "ASN"
        }
      ]
    },
    {
      "ligandAtoms": [
        {
          "atomIndex": 5199,
          "atomName": "C10",
          "chain": "A",
          "resID": 501,
          "resName": "3WH"
        }
      ],
      "metrics": {
        "distance": 3.9679482103475117
      },
      "receptorAtoms": [
        {
          "atomIndex": 795,
          "atomName": "C",
          "chain": "A",
          "resID": 151,
          "resName": "ALA"
        }
      ]
    },
    {
      "ligandAtoms": [
        {
          "atomIndex": 5199,
          "atomName": "C10",
          "chain": "A",
          "resID": 501,
          "resName": "3WH"
        }
      ],
      "metrics": {
        "distance": 3.9328982951507965
      },
      "receptorAtoms": [
        {
          "atomIndex": 798,
          "atomName": "N",
          "chain": "A",
          "resID": 152,
          "resName": "ASN"
        }
      ]
    },
    {
      "ligandAtoms": [
        {
          "atomIndex": 5200,
          "atomName": "C13",
          "chain": "A",
          "resID": 501,
          "resName": "3WH"
        }
      ],
      "metrics": {
        "distance": 3.780394820650351
      },
      "receptorAtoms": [
        {
          "atomIndex": 197,
          "atomName": "CD1",
          "chain": "A",
          "resID": 70,
          "resName": "ILE"
        }
      ]
    },
    {
      "ligandAtoms": [
        {
          "atomIndex": 5200,
          "atomName": "C13",
          "chain": "A",
          "resID": 501,
          "resName": "3WH"
        }
      ],
      "metrics": {
        "distance": 3.9218895955903696
      },
      "receptorAtoms": [
        {
          "atomIndex": 780,
          "atomName": "O",
          "chain": "A",
          "resID": 149,
          "resName": "MET"
        }
      ]
    },
    {
      "ligandAtoms": [
        {
          "atomIndex": 5201,
          "atomName": "C01",
          "chain": "A",
          "resID": 501,
          "resName": "3WH"
        }
      ],
      "metrics": {
        "distance": 3.4139468361414127
      },
      "receptorAtoms": [
        {
          "atomIndex": 803,
          "atomName": "CG",
          "chain": "A",
          "resID": 152,
          "resName": "ASN"
        }
      ]
    },
    {
      "ligandAtoms": [
        {
          "atomIndex": 5201,
          "atomName": "C01",
          "chain": "A",
          "resID": 501,
          "resName": "3WH"
        }
      ],
      "metrics": {
        "distance": 2.832856861897538
      },
      "receptorAtoms": [
        {
          "atomIndex": 804,
          "atomName": "OD1",
          "chain": "A",
          "resID": 152,
          "resName": "ASN"
        }
      ]
    },
    {
      "ligandAtoms": [
        {
          "atomIndex": 5201,
          "atomName": "C01",
          "chain": "A",
          "resID": 501,
          "resName": "3WH"
        }
      ],
      "metrics": {
        "distance": 3.5878050392963043
      },
      "receptorAtoms": [
        {
          "atomIndex": 805,
          "atomName": "ND2",
          "chain": "A",
          "resID": 152,
          "resName": "ASN"
        }
      ]
    },
    {
      "ligandAtoms": [
        {
          "atomIndex": 5201,
          "atomName": "C01",
          "chain": "A",
          "resID": 501,
          "resName": "3WH"
        }
      ],
      "metrics": {
        "distance": 3.7176015117276826
      },
      "receptorAtoms": [
        {
          "atomIndex": 820,
          "atomName": "N",
          "chain": "A",
          "resID": 155,
          "resName": "GLN"
        }
      ]
    },
    {
      "ligandAtoms": [
        {
          "atomIndex": 5201,
          "atomName": "C01",
          "chain": "A",
          "resID": 501,
          "resName": "3WH"
        }
      ],
      "metrics": {
        "distance": 3.646944748690332
      },
      "receptorAtoms": [
        {
          "atomIndex": 824,
          "atomName": "CB",
          "chain": "A",
          "resID": 155,
          "resName": "GLN"
        }
      ]
    },
    {
      "ligandAtoms": [
        {
          "atomIndex": 5202,
          "atomName": "C02",
          "chain": "A",
          "resID": 501,
          "resName": "3WH"
        }
      ],
      "metrics": {
        "distance": 3.6067382771695597
      },
      "receptorAtoms": [
        {
          "atomIndex": 798,
          "atomName": "N",
          "chain": "A",
          "resID": 152,
          "resName": "ASN"
        }
      ]
    },
    {
      "ligandAtoms": [
        {
          "atomIndex": 5202,
          "atomName": "C02",
          "chain": "A",
          "resID": 501,
          "resName": "3WH"
        }
      ],
      "metrics": {
        "distance": 3.843507382586902
      },
      "receptorAtoms": [
        {
          "atomIndex": 803,
          "atomName": "CG",
          "chain": "A",
          "resID": 152,
          "resName": "ASN"
        }
      ]
    },
    {
      "ligandAtoms": [
        {
          "atomIndex": 5202,
          "atomName": "C02",
          "chain": "A",
          "resID": 501,
          "resName": "3WH"
        }
      ],
      "metrics": {
        "distance": 3.505647158514393
      },
      "receptorAtoms": [
        {
          "atomIndex": 804,
          "atomName": "OD1",
          "chain": "A",
          "resID": 152,
          "resName": "ASN"
        }
      ]
    },
    {
      "ligandAtoms": [
        {
          "atomIndex": 5202,
          "atomName": "C02",
          "chain": "A",
          "resID": 501,
          "resName": "3WH"
        }
      ],
      "metrics": {
        "distance": 3.3463887998856356
      },
      "receptorAtoms": [
        {
          "atomIndex": 824,
          "atomName": "CB",
          "chain": "A",
          "resID": 155,
          "resName": "GLN"
        }
      ]
    },
    {
      "ligandAtoms": [
        {
          "atomIndex": 5203,
          "atomName": "N03",
          "chain": "A",
          "resID": 501,
          "resName": "3WH"
        }
      ],
      "metrics": {
        "distance": 3.7297452996149745
      },
      "receptorAtoms": [
        {
          "atomIndex": 794,
          "atomName": "CA",
          "chain": "A",
          "resID": 151,
          "resName": "ALA"
        }
      ]
    },
    {
      "ligandAtoms": [
        {
          "atomIndex": 5203,
          "atomName": "N03",
          "chain": "A",
          "resID": 501,
          "resName": "3WH"
        }
      ],
      "metrics": {
        "distance": 3.861662983741587
      },
      "receptorAtoms": [
        {
          "atomIndex": 795,
          "atomName": "C",
          "chain": "A",
          "resID": 151,
          "resName": "ALA"
        }
      ]
    },
    {
      "ligandAtoms": [
        {
          "atomIndex": 5203,
          "atomName": "N03",
          "chain": "A",
          "resID": 501,
          "resName": "3WH"
        }
      ],
      "metrics": {
        "distance": 3.11160874789875
      },
      "receptorAtoms": [
        {
          "atomIndex": 798,
          "atomName": "N",
          "chain": "A",
          "resID": 152,
          "resName": "ASN"
        }
      ]
    },
    {
      "ligandAtoms": [
        {
          "atomIndex": 5203,
          "atomName": "N03",
          "chain": "A",
          "resID": 501,
          "resName": "3WH"
        }
      ],
      "metrics": {
        "distance": 3.6120732273861766
      },
      "receptorAtoms": [
        {
          "atomIndex": 803,
          "atomName": "CG",
          "chain": "A",
          "resID": 152,
          "resName": "ASN"
        }
      ]
    },
    {
      "ligandAtoms": [
        {
          "atomIndex": 5203,
          "atomName": "N03",
          "chain": "A",
          "resID": 501,
          "resName": "3WH"
        }
      ],
      "metrics": {
        "distance": 3.7553961175886643
      },
      "receptorAtoms": [
        {
          "atomIndex": 804,
          "atomName": "OD1",
          "chain": "A",
          "resID": 152,
          "resName": "ASN"
        }
      ]
    },
    {
      "ligandAtoms": [
        {
          "atomIndex": 5203,
          "atomName": "N03",
          "chain": "A",
          "resID": 501,
          "resName": "3WH"
        }
      ],
      "metrics": {
        "distance": 3.7038570436775737
      },
      "receptorAtoms": [
        {
          "atomIndex": 805,
          "atomName": "ND2",
          "chain": "A",
          "resID": 152,
          "resName": "ASN"
        }
      ]
    },
    {
      "ligandAtoms": [
        {
          "atomIndex": 5204,
          "atomName": "C04",
          "chain": "A",
          "resID": 501,
          "resName": "3WH"
        }
      ],
      "metrics": {
        "distance": 3.60117341987303
      },
      "receptorAtoms": [
        {
          "atomIndex": 794,
          "atomName": "CA",
          "chain": "A",
          "resID": 151,
          "resName": "ALA"
        }
      ]
    },
    {
      "ligandAtoms": [
        {
          "atomIndex": 5204,
          "atomName": "C04",
          "chain": "A",
          "resID": 501,
          "resName": "3WH"
        }
      ],
      "metrics": {
        "distance": 3.833357144853589
      },
      "receptorAtoms": [
        {
          "atomIndex": 798,
          "atomName": "N",
          "chain": "A",
          "resID": 152,
          "resName": "ASN"
        }
      ]
    },
    {
      "ligandAtoms": [
        {
          "atomIndex": 5205,
          "atomName": "O05",
          "chain": "A",
          "resID": 501,
          "resName": "3WH"
        }
      ],
      "metrics": {
        "distance": 3.8422598818924296
      },
      "receptorAtoms": [
        {
          "atomIndex": 788,
          "atomName": "O",
          "chain": "A",
          "resID": 150,
          "resName": "ASP"
        }
      ]
    },
    {
      "ligandAtoms": [
        {
          "atomIndex": 5205,
          "atomName": "O05",
          "chain": "A",
          "resID": 501,
          "resName": "3WH"
        }
      ],
      "metrics": {
        "distance": 3.942737881219093
      },
      "receptorAtoms": [
        {
          "atomIndex": 794,
          "atomName": "CA",
          "chain": "A",
          "resID": 151,
          "resName": "ALA"
        }
      ]
    },
    {
      "ligandAtoms": [
        {
          "atomIndex": 5206,
          "atomName": "N06",
          "chain": "A",
          "resID": 501,
          "resName": "3WH"
        }
      ],
      "metrics": {
        "distance": 3.807499179251385
      },
      "receptorAtoms": [
        {
          "atomIndex": 794,
          "atomName": "CA",
          "chain": "A",
          "resID": 151,
          "resName": "ALA"
        }
      ]
    },
    {
      "ligandAtoms": [
        {
          "atomIndex": 5207,
          "atomName": "C07",
          "chain": "A",
          "resID": 501,
          "resName": "3WH"
        }
      ],
      "metrics": {
        "distance": 3.9812014518233028
      },
      "receptorAtoms": [
        {
          "atomIndex": 193,
          "atomName": "O",
          "chain": "A",
          "resID": 70,
          "resName": "ILE"
        }
      ]
    },
    {
      "ligandAtoms": [
        {
          "atomIndex": 5207,
          "atomName": "C07",
          "chain": "A",
          "resID": 501,
          "resName": "3WH"
        }
      ],
      "metrics": {
        "distance": 3.7988545642074816
      },
      "receptorAtoms": [
        {
          "atomIndex": 788,
          "atomName": "O",
          "chain": "A",
          "resID": 150,
          "resName": "ASP"
        }
      ]
    },
    {
      "ligandAtoms": [
        {
          "atomIndex": 5208,
          "atomName": "C08",
          "chain": "A",
          "resID": 501,
          "resName": "3WH"
        }
      ],
      "metrics": {
        "distance": 3.5256597964069045
      },
      "receptorAtoms": [
        {
          "atomIndex": 780,
          "atomName": "O",
          "chain": "A",
          "resID": 149,
          "resName": "MET"
        }
      ]
    },
    {
      "ligandAtoms": [
        {
          "atomIndex": 5208,
          "atomName": "C08",
          "chain": "A",
          "resID": 501,
          "resName": "3WH"
        }
      ],
      "metrics": {
        "distance": 3.8231487023133166
      },
      "receptorAtoms": [
        {
          "atomIndex": 787,
          "atomName": "C",
          "chain": "A",
          "resID": 150,
          "resName": "ASP"
        }
      ]
    },
    {
      "ligandAtoms": [
        {
          "atomIndex": 5208,
          "atomName": "C08",
          "chain": "A",
          "resID": 501,
          "resName": "3WH"
        }
      ],
      "metrics": {
        "distance": 3.5876113223146127
      },
      "receptorAtoms": [
        {
          "atomIndex": 788,
          "atomName": "O",
          "chain": "A",
          "resID": 150,
          "resName": "ASP"
        }
      ]
    },
    {
      "ligandAtoms": [
        {
          "atomIndex": 5209,
          "atomName": "C09",
          "chain": "A",
          "resID": 501,
          "resName": "3WH"
        }
      ],
      "metrics": {
        "distance": 3.96014583064816
      },
      "receptorAtoms": [
        {
          "atomIndex": 197,
          "atomName": "CD1",
          "chain": "A",
          "resID": 70,
          "resName": "ILE"
        }
      ]
    },
    {
      "ligandAtoms": [
        {
          "atomIndex": 5209,
          "atomName": "C09",
          "chain": "A",
          "resID": 501,
          "resName": "3WH"
        }
      ],
      "metrics": {
        "distance": 3.798079251411165
      },
      "receptorAtoms": [
        {
          "atomIndex": 780,
          "atomName": "O",
          "chain": "A",
          "resID": 149,
          "resName": "MET"
        }
      ]
    },
    {
      "ligandAtoms": [
        {
          "atomIndex": 5210,
          "atomName": "N12",
          "chain": "A",
          "resID": 501,
          "resName": "3WH"
        }
      ],
      "metrics": {
        "distance": 3.8508331566039127
      },
      "receptorAtoms": [
        {
          "atomIndex": 197,
          "atomName": "CD1",
          "chain": "A",
          "resID": 70,
          "resName": "ILE"
        }
      ]
    },
    {
      "ligandAtoms": [
        {
          "atomIndex": 5210,
          "atomName": "N12",
          "chain": "A",
          "resID": 501,
          "resName": "3WH"
        }
      ],
      "metrics": {
        "distance": 3.7423368367906136
      },
      "receptorAtoms": [
        {
          "atomIndex": 779,
          "atomName": "C",
          "chain": "A",
          "resID": 149,
          "resName": "MET"
        }
      ]
    },
    {
      "ligandAtoms": [
        {
          "atomIndex": 5210,
          "atomName": "N12",
          "chain": "A",
          "resID": 501,
          "resName": "3WH"
        }
      ],
      "metrics": {
        "distance": 3.0573382213945512
      },
      "receptorAtoms": [
        {
          "atomIndex": 780,
          "atomName": "O",
          "chain": "A",
          "resID": 149,
          "resName": "MET"
        }
      ]
    },
    {
      "ligandAtoms": [
        {
          "atomIndex": 5211,
          "atomName": "N14",
          "chain": "A",
          "resID": 501,
          "resName": "3WH"
        }
      ],
      "metrics": {
        "distance": 3.897855179454473
      },
      "receptorAtoms": [
        {
          "atomIndex": 197,
          "atomName": "CD1",
          "chain": "A",
          "resID": 70,
          "resName": "ILE"
        }
      ]
    },
    {
      "ligandAtoms": [
        {
          "atomIndex": 5213,
          "atomName": "C16",
          "chain": "A",
          "resID": 501,
          "resName": "3WH"
        }
      ],
      "metrics": {
        "distance": 3.7782108199516906
      },
      "receptorAtoms": [
        {
          "atomIndex": 335,
          "atomName": "CB",
          "chain": "A",
          "resID": 91,
          "resName": "ALA"
        }
      ]
    },
    {
      "ligandAtoms": [
        {
          "atomIndex": 5214,
          "atomName": "I17",
          "chain": "A",
          "resID": 501,
          "resName": "3WH"
        }
      ],
      "metrics": {
        "distance": 3.815448335386024
      },
      "receptorAtoms": [
        {
          "atomIndex": 756,
          "atomName": "CB",
          "chain": "A",
          "resID": 146,
          "resName": "MET"
        }
      ]
    },
    {
      "ligandAtoms": [
        {
          "atomIndex": 5214,
          "atomName": "I17",
          "chain": "A",
          "resID": 501,
          "resName": "3WH"
        }
      ],
      "metrics": {
        "distance": 3.1521429218866275
      },
      "receptorAtoms": [
        {
          "atomIndex": 758,
          "atomName": "SD",
          "chain": "A",
          "resID": 146,
          "resName": "MET"
        }
      ]
    },
    {
      "ligandAtoms": [
        {
          "atomIndex": 5214,
          "atomName": "I17",
          "chain": "A",
          "resID": 501,
          "resName": "3WH"
        }
      ],
      "metrics": {
        "distance": 3.6640607254793096
      },
      "receptorAtoms": [
        {
          "atomIndex": 759,
          "atomName": "CE",
          "chain": "A",
          "resID": 146,
          "resName": "MET"
        }
      ]
    },
    {
      "ligandAtoms": [
        {
          "atomIndex": 5214,
          "atomName": "I17",
          "chain": "A",
          "resID": 501,
          "resName": "3WH"
        }
      ],
      "metrics": {
        "distance": 3.9180784831343063
      },
      "receptorAtoms": [
        {
          "atomIndex": 1230,
          "atomName": "CD2",
          "chain": "A",
          "resID": 206,
          "resName": "LEU"
        }
      ]
    },
    {
      "ligandAtoms": [
        {
          "atomIndex": 5215,
          "atomName": "C18",
          "chain": "A",
          "resID": 501,
          "resName": "3WH"
        }
      ],
      "metrics": {
        "distance": 3.383956412248831
      },
      "receptorAtoms": [
        {
          "atomIndex": 335,
          "atomName": "CB",
          "chain": "A",
          "resID": 91,
          "resName": "ALA"
        }
      ]
    },
    {
      "ligandAtoms": [
        {
          "atomIndex": 5215,
          "atomName": "C18",
          "chain": "A",
          "resID": 501,
          "resName": "3WH"
        }
      ],
      "metrics": {
        "distance": 3.445631727274409
      },
      "receptorAtoms": [
        {
          "atomIndex": 763,
          "atomName": "O",
          "chain": "A",
          "resID": 147,
          "resName": "GLU"
        }
      ]
    },
    {
      "ligandAtoms": [
        {
          "atomIndex": 5215,
          "atomName": "C18",
          "chain": "A",
          "resID": 501,
          "resName": "3WH"
        }
      ],
      "metrics": {
        "distance": 3.7345824398451812
      },
      "receptorAtoms": [
        {
          "atomIndex": 777,
          "atomName": "N",
          "chain": "A",
          "resID": 149,
          "resName": "MET"
        }
      ]
    },
    {
      "ligandAtoms": [
        {
          "atomIndex": 5216,
          "atomName": "N19",
          "chain": "A",
          "resID": 501,
          "resName": "3WH"
        }
      ],
      "metrics": {
        "distance": 3.9795096431595707
      },
      "receptorAtoms": [
        {
          "atomIndex": 335,
          "atomName": "CB",
          "chain": "A",
          "resID": 91,
          "resName": "ALA"
        }
      ]
    },
    {
      "ligandAtoms": [
        {
          "atomIndex": 5216,
          "atomName": "N19",
          "chain": "A",
          "resID": 501,
          "resName": "3WH"
        }
      ],
      "metrics": {
        "distance": 3.8256907872958106
      },
      "receptorAtoms": [
        {
          "atomIndex": 775,
          "atomName": "CD1",
          "chain": "A",
          "resID": 148,
          "resName": "LEU"
        }
      ]
    },
    {
      "ligandAtoms": [
        {
          "atomIndex": 5216,
          "atomName": "N19",
          "chain": "A",
          "resID": 501,
          "resName": "3WH"
        }
      ],
      "metrics": {
        "distance": 3.0385947409945913
      },
      "receptorAtoms": [
        {
          "atomIndex": 777,
          "atomName": "N",
          "chain": "A",
          "resID": 149,
          "resName": "MET"
        }
      ]
    },
    {
      "ligandAtoms": [
        {
          "atomIndex": 5216,
          "atomName": "N19",
          "chain": "A",
          "resID": 501,
          "resName": "3WH"
        }
      ],
      "metrics": {
        "distance": 3.8040921387369133
      },
      "receptorAtoms": [
        {
          "atomIndex": 778,
          "atomName": "CA",
          "chain": "A",
          "resID": 149,
          "resName": "MET"
        }
      ]
    },
    {
      "ligandAtoms": [
        {
          "atomIndex": 5216,
          "atomName": "N19",
          "chain": "A",
          "resID": 501,
          "resName": "3WH"
        }
      ],
      "metrics": {
        "distance": 3.752648398131648
      },
      "receptorAtoms": [
        {
          "atomIndex": 780,
          "atomName": "O",
          "chain": "A",
          "resID": 149,
          "resName": "MET"
        }
      ]
    },
    {
      "ligandAtoms": [
        {
          "atomIndex": 5216,
          "atomName": "N19",
          "chain": "A",
          "resID": 501,
          "resName": "3WH"
        }
      ],
      "metrics": {
        "distance": 3.737253670812293
      },
      "receptorAtoms": [
        {
          "atomIndex": 781,
          "atomName": "CB",
          "chain": "A",
          "resID": 149,
          "resName": "MET"
        }
      ]
    },
    {
      "ligandAtoms": [
        {
          "atomIndex": 5217,
          "atomName": "C20",
          "chain": "A",
          "resID": 501,
          "resName": "3WH"
        }
      ],
      "metrics": {
        "distance": 3.911249672419294
      },
      "receptorAtoms": [
        {
          "atomIndex": 1229,
          "atomName": "CD1",
          "chain": "A",
          "resID": 206,
          "resName": "LEU"
        }
      ]
    },
    {
      "ligandAtoms": [
        {
          "atomIndex": 5218,
          "atomName": "C21",
          "chain": "A",
          "resID": 501,
          "resName": "3WH"
        }
      ],
      "metrics": {
        "distance": 3.4927159918894026
      },
      "receptorAtoms": [
        {
          "atomIndex": 1229,
          "atomName": "CD1",
          "chain": "A",
          "resID": 206,
          "resName": "LEU"
        }
      ]
    },
    {
      "ligandAtoms": [
        {
          "atomIndex": 5218,
          "atomName": "C21",
          "chain": "A",
          "resID": 501,
          "resName": "3WH"
        }
      ],
      "metrics": {
        "distance": 3.809782802208022
      },
      "receptorAtoms": [
        {
          "atomIndex": 1230,
          "atomName": "CD2",
          "chain": "A",
          "resID": 206,
          "resName": "LEU"
        }
      ]
    },
    {
      "ligandAtoms": [
        {
          "atomIndex": 5219,
          "atomName": "N22",
          "chain": "A",
          "resID": 501,
          "resName": "3WH"
        }
      ],
      "metrics": {
        "distance": 3.7238135023118524
      },
      "receptorAtoms": [
        {
          "atomIndex": 240,
          "atomName": "CG2",
          "chain": "A",
          "resID": 78,
          "resName": "VAL"
        }
      ]
    },
    {
      "ligandAtoms": [
        {
          "atomIndex": 5219,
          "atomName": "N22",
          "chain": "A",
          "resID": 501,
          "resName": "3WH"
        }
      ],
      "metrics": {
        "distance": 3.6109335358048305
      },
      "receptorAtoms": [
        {
          "atomIndex": 1229,
          "atomName": "CD1",
          "chain": "A",
          "resID": 206,
          "resName": "LEU"
        }
      ]
    },
    {
      "ligandAtoms": [
        {
          "atomIndex": 5220,
          "atomName": "C23",
          "chain": "A",
          "resID": 501,
          "resName": "3WH"
        }
      ],
      "metrics": {
        "distance": 3.540383736263629
      },
      "receptorAtoms": [
        {
          "atomIndex": 240,
          "atomName": "CG2",
          "chain": "A",
          "resID": 78,
          "resName": "VAL"
        }
      ]
    },
    {
      "ligandAtoms": [
        {
          "atomIndex": 5221,
          "atomName": "C24",
          "chain": "A",
          "resID": 501,
          "resName": "3WH"
        }
      ],
      "metrics": {
        "distance": 3.820042539030169
      },
      "receptorAtoms": [
        {
          "atomIndex": 240,
          "atomName": "CG2",
          "chain": "A",
          "resID": 78,
          "resName": "VAL"
        }
      ]
    },
    {
      "ligandAtoms": [
        {
          "atomIndex": 5223,
          "atomName": "C26",
          "chain": "A",
          "resID": 501,
          "resName": "3WH"
        }
      ],
      "metrics": {
        "distance": 3.991452241979104
      },
      "receptorAtoms": [
        {
          "atomIndex": 199,
          "atomName": "CA",
          "chain": "A",
          "resID": 71,
          "resName": "GLY"
        }
      ]
    },
    {
      "ligandAtoms": [
        {
          "atomIndex": 5224,
          "atomName": "C27",
          "chain": "A",
          "resID": 501,
          "resName": "3WH"
        }
      ],
      "metrics": {
        "distance": 3.7634092256888567
      },
      "receptorAtoms": [
        {
          "atomIndex": 202,
          "atomName": "N",
          "chain": "A",
          "resID": 72,
          "resName": "SER"
        }
      ]
    },
    {
      "ligandAtoms": [
        {
          "atomIndex": 5224,
          "atomName": "C27",
          "chain": "A",
          "resID": 501,
          "resName": "3WH"
        }
      ],
      "metrics": {
        "distance": 3.8122838299371167
      },
      "receptorAtoms": [
        {
          "atomIndex": 204,
          "atomName": "C",
          "chain": "A",
          "resID": 72,
          "resName": "SER"
        }
      ]
    },
    {
      "ligandAtoms": [
        {
          "atomIndex": 5224,
          "atomName": "C27",
          "chain": "A",
          "resID": 501,
          "resName": "3WH"
        }
      ],
      "metrics": {
        "distance": 3.7378936581984306
      },
      "receptorAtoms": [
        {
          "atomIndex": 205,
          "atomName": "O",
          "chain": "A",
          "resID": 72,
          "resName": "SER"
        }
      ]
    },
    {
      "ligandAtoms": [
        {
          "atomIndex": 5225,
          "atomName": "C28",
          "chain": "A",
          "resID": 501,
          "resName": "3WH"
        }
      ],
      "metrics": {
        "distance": 3.8378265984799262
      },
      "receptorAtoms": [
        {
          "atomIndex": 240,
          "atomName": "CG2",
          "chain": "A",
          "resID": 78,
          "resName": "VAL"
        }
      ]
    }
  ],
  "closestContacts": [],
  "electrostaticEnergies": {
    "C_C": 0.0,
    "C_I": 0.0,
    "C_N": 0.0,
    "C_O": 0.0,
    "I_S": 0.0,
    "N_N": 0.0,
    "N_O": 0.0,
    "O_O": 0.0
  },
  "halogenBonds": [
    {
      "ligandAtoms": [
        {
          "atomIndex": 5213,
          "atomName": "C16",
          "chain": "A",
          "resID": 501,
          "resName": "3WH"
        },
        {
          "atomIndex": 5214,
          "atomName": "I17",
          "chain": "A",
          "resID": 501,
          "resName": "3WH"
        }
      ],
      "metrics": {
        "angle": 9.739730774901375,
        "distance": 5.221336514724938
      },
      "receptorAtoms": [
        {
          "atomIndex": 758,
          "atomName": "SD",
          "chain": "A",
          "resID": 146,
          "resName": "MET"
        }
      ]
    }
  ],
  "hydrogenBonds": [
    {
      "ligandAtoms": [
        {
          "atomIndex": 5203,
          "atomName": "N03",
          "chain": "A",
          "resID": 501,
          "resName": "3WH"
        }
      ],
      "metrics": {
        "angle": null,
        "distance": 3.11160874789875
      },
      "receptorAtoms": [
        {
          "atomIndex": 798,
          "atomName": "N",
          "chain": "A",
          "resID": 152,
          "resName": "ASN"
        },
        {
          "atomIndex": 798,
          "atomName": "N",
          "chain": "A",
          "resID": 152,
          "resName": "ASN"
        }
      ]
    },
    {
      "ligandAtoms": [
        {
          "atomIndex": 5210,
          "atomName": "N12",
          "chain": "A",
          "resID": 501,
          "resName": "3WH"
        },
        {
          "atomIndex": 5210,
          "atomName": "N12",
          "chain": "A",
          "resID": 501,
          "resName": "3WH"
        }
      ],
      "metrics": {
        "angle": null,
        "distance": 3.0573382213945512
      },
      "receptorAtoms": [
        {
          "atomIndex": 780,
          "atomName": "O",
          "chain": "A",
          "resID": 149,
          "resName": "MET"
        }
      ]
    },
    {
      "ligandAtoms": [
        {
          "atomIndex": 5216,
          "atomName": "N19",
          "chain": "A",
          "resID": 501,
          "resName": "3WH"
        }
      ],
      "metrics": {
        "angle": null,
        "distance": 3.0385947409945913
      },
      "receptorAtoms": [
        {
          "atomIndex": 777,
          "atomName": "N",
          "chain": "A",
          "resID": 149,
          "resName": "MET"
        },
        {
          "atomIndex": 777,
          "atomName": "N",
          "chain": "A",
          "resID": 149,
          "resName": "MET"
        }
      ]
    }
  ],
  "hydrophobicContacts": [
    {
      "ligandAtoms": [
        {
          "atomIndex": 5199,
          "atomName": "C10",
          "chain": "A",
          "resID": 501,
          "resName": "3WH"
        }
      ],
      "metrics": {
        "distance": 3.9679482103475117
      },
      "receptorAtoms": [
        {
          "atomIndex": 795,
          "atomName": "C",
          "chain": "A",
          "resID": 151,
          "resName": "ALA"
        }
      ]
    },
    {
      "ligandAtoms": [
        {
          "atomIndex": 5200,
          "atomName": "C13",
          "chain": "A",
          "resID": 501,
          "resName": "3WH"
        }
      ],
      "metrics": {
        "distance": 3.780394820650351
      },
      "receptorAtoms": [
        {
          "atomIndex": 197,
          "atomName": "CD1",
          "chain": "A",
          "resID": 70,
          "resName": "ILE"
        }
      ]
    },
    {
      "ligandAtoms": [
        {
          "atomIndex": 5201,
          "atomName": "C01",
          "chain": "A",
          "resID": 501,
          "resName": "3WH"
        }
      ],
      "metrics": {
        "distance": 3.4139468361414127
      },
      "receptorAtoms": [
        {
          "atomIndex": 803,
          "atomName": "CG",
          "chain": "A",
          "resID": 152,
          "resName": "ASN"
        }
      ]
    },
    {
      "ligandAtoms": [
        {
          "atomIndex": 5201,
          "atomName": "C01",
          "chain": "A",
          "resID": 501,
          "resName": "3WH"
        }
      ],
      "metrics": {
        "distance": 3.646944748690332
      },
      "receptorAtoms": [
        {
          "atomIndex": 824,
          "atomName": "CB",
          "chain": "A",
          "resID": 155,
          "resName": "GLN"
        }
      ]
    },
    {
      "ligandAtoms": [
        {
          "atomIndex": 5202,
          "atomName": "C02",
          "chain": "A",
          "resID": 501,
          "resName": "3WH"
        }
      ],
      "metrics": {
        "distance": 3.843507382586902
      },
      "receptorAtoms": [
        {
          "atomIndex": 803,
          "atomName": "CG",
          "chain": "A",
          "resID": 152,
          "resName": "ASN"
        }
      ]
    },
    {
      "ligandAtoms": [
        {
          "atomIndex": 5202,
          "atomName": "C02",
          "chain": "A",
          "resID": 501,
          "resName": "3WH"
        }
      ],
      "metrics": {
        "distance": 3.3463887998856356
      },
      "receptorAtoms": [
        {
          "atomIndex": 824,
          "atomName": "CB",
          "chain": "A",
          "resID": 155,
          "resName": "GLN"
        }
      ]
    },
    {
      "ligandAtoms": [
        {
          "atomIndex": 5204,
          "atomName": "C04",
          "chain": "A",
          "resID": 501,
          "resName": "3WH"
        }
      ],
      "metrics": {
        "distance": 3.60117341987303
      },
      "receptorAtoms": [
        {
          "atomIndex": 794,
          "atomName": "CA",
          "chain": "A",
          "resID": 151,
          "resName": "ALA"
        }
      ]
    },
    {
      "ligandAtoms": [
        {
          "atomIndex": 5208,
          "atomName": "C08",
          "chain": "A",
          "resID": 501,
          "resName": "3WH"
        }
      ],
      "metrics": {
        "distance": 3.8231487023133166
      },
      "receptorAtoms": [
        {
          "atomIndex": 787,
          "atomName": "C",
          "chain": "A",
          "resID": 150,
          "resName": "ASP"
        }
      ]
    },
    {
      "ligandAtoms": [
        {
          "atomIndex": 5209,
          "atomName": "C09",
          "chain": "A",
          "resID": 501,
          "resName": "3WH"
        }
      ],
      "metrics": {
        "distance": 3.96014583064816
      },
      "receptorAtoms": [
        {
          "atomIndex": 197,
          "atomName": "CD1",
          "chain": "A",
          "resID": 70,
          "resName": "ILE"
        }
      ]
    },
    {
      "ligandAtoms": [
        {
          "atomIndex": 5213,
          "atomName": "C16",
          "chain": "A",
          "resID": 501,
          "resName": "3WH"
        }
      ],
      "metrics": {
        "distance": 3.7782108199516906
      },
      "receptorAtoms": [
        {
          "atomIndex": 335,
          "atomName": "CB",
          "chain": "A",
          "resID": 91,
          "resName": "ALA"
        }
      ]
    },
    {
      "ligandAtoms": [
        {
          "atomIndex": 5215,
          "atomName": "C18",
          "chain": "A",
          "resID": 501,
          "resName": "3WH"
        }
      ],
      "metrics": {
        "distance": 3.383956412248831
      },
      "receptorAtoms": [
        {
          "atomIndex": 335,
          "atomName": "CB",
          "chain": "A",
          "resID": 91,
          "resName": "ALA"
        }
      ]
    },
    {
      "ligandAtoms": [
        {
          "atomIndex": 5217,
          "atomName": "C20",
          "chain": "A",
          "resID": 501,
          "resName": "3WH"
        }
      ],
      "metrics": {
        "distance": 3.911249672419294
      },
      "receptorAtoms": [
        {
          "atomIndex": 1229,
          "atomName": "CD1",
          "chain": "A",
          "resID": 206,
          "resName": "LEU"
        }
      ]
    },
    {
      "ligandAtoms": [
        {
          "atomIndex": 5218,
          "atomName": "C21",
          "chain": "A",
          "resID": 501,
          "resName": "3WH"
        }
      ],
      "metrics": {
        "distance": 3.4927159918894026
      },
      "receptorAtoms": [
        {
          "atomIndex": 1229,
          "atomName": "CD1",
          "chain": "A",
          "resID": 206,
          "resName": "LEU"
        }
      ]
    },
    {
      "ligandAtoms": [
        {
          "atomIndex": 5218,
          "atomName": "C21",
          "chain": "A",
          "resID": 501,
          "resName": "3WH"
        }
      ],
      "metrics": {
        "distance": 3.809782802208022
      },
      "receptorAtoms": [
        {
          "atomIndex": 1230,
          "atomName": "CD2",
          "chain": "A",
          "resID": 206,
          "resName": "LEU"
        }
      ]
    },
    {
      "ligandAtoms": [
        {
          "atomIndex": 5220,
          "atomName": "C23",
          "chain": "A",
          "resID": 501,
          "resName": "3WH"
        }
      ],
      "metrics": {
        "distance": 3.540383736263629
      },
      "receptorAtoms": [
        {
          "atomIndex": 240,
          "atomName": "CG2",
          "chain": "A",
          "resID": 78,
          "resName": "VAL"
        }
      ]
    },
    {
      "ligandAtoms": [
        {
          "atomIndex": 5221,
          "atomName": "C24",
          "chain": "A",
          "resID": 501,
          "resName": "3WH"
        }
      ],
      "metrics": {
        "distance": 3.820042539030169
      },
      "receptorAtoms": [
        {
          "atomIndex": 240,
          "atomName": "CG2",
          "chain": "A",
          "resID": 78,
          "resName": "VAL"
        }
      ]
    },
    {
      "ligandAtoms": [
        {
          "atomIndex": 5223,
          "atomName": "C26",
          "chain": "A",
          "resID": 501,
          "resName": "3WH"
        }
      ],
      "metrics": {
        "distance": 3.991452241979104
      },
      "receptorAtoms": [
        {
          "atomIndex": 199,
          "atomName": "CA",
          "chain": "A",
          "resID": 71,
          "resName": "GLY"
        }
      ]
    },
    {
      "ligandAtoms": [
        {
          "atomIndex": 5224,
          "atomName": "C27",
          "chain": "A",
          "resID": 501,
          "resName": "3WH"
        }
      ],
      "metrics": {
        "distance": 3.8122838299371167
      },
      "receptorAtoms": [
        {
          "atomIndex": 204,
          "atomName": "C",
          "chain": "A",
          "resID": 72,
          "resName": "SER"
        }
      ]
    },
    {
      "ligandAtoms": [
        {
          "atomIndex": 5225,
          "atomName": "C28",
          "chain": "A",
          "resID": 501,
          "resName": "3WH"
        }
      ],
      "metrics": {
        "distance": 3.8378265984799262
      },
      "receptorAtoms": [
        {
          "atomIndex": 240,
          "atomName": "CG2",
          "chain": "A",
          "resID": 78,
          "resName": "VAL"
        }
      ]
    }
  ],
  "ligandAtomTypes": {
    "C": 20,
    "I": 1,
    "N": 6,
    "O": 1
  },
  "ligandRotatableBonds": -1,
  "metalCoordinations": [],
  "piPiStackingInteractions": [],
  "saltBridges": [],
  "tStackingInteractions": []
}