Command-line parameters used:
                 Parameter              |            Value           
   -------------------------------------|----------------------------
         T_stacking_angle_tolerance     |             30.0           
       T_stacking_closest_dist_cutoff   |             5.0            
    active_site_flexibility_dist_cutoff |             4.0            
           cation_pi_dist_cutoff        |             6.0            
        close_contacts_dist1_cutoff     |             2.5            
        close_contacts_dist2_cutoff     |             4.0            
         electrostatic_dist_cutoff      |             4.0            
          halogen_bond_dist_cutoff      |             5.5            
         hydrogen_bond_dist_cutoff      |             4.0            
     hydrogen_halogen_bond_angle_cutoff |             40.0           
          hydrophobic_dist_cutoff       |             4.0            
                   ligand               | /Users/jdurrant/Documents/Work/durrant_git/binana/python/binana/_test/test_data/metal/input/ligand.pdb
       metal_coordination_dist_cutoff   |             3.5            
                 output_csv             | /Users/jdurrant/Documents/Work/durrant_git/binana/python/binana/_test/output/output.csv
                 output_dir             | /Users/jdurrant/Documents/Work/durrant_git/binana/python/binana/_test/output/
                output_file             | /Users/jdurrant/Documents/Work/durrant_git/binana/python/binana/_test/output/output.pdb
                output_json             | /Users/jdurrant/Documents/Work/durrant_git/binana/python/binana/_test/output/output.json
              pi_padding_dist           |             0.75           
       pi_pi_interacting_dist_cutoff    |             7.5            
        pi_stacking_angle_tolerance     |             30.0           
                  receptor              | /Users/jdurrant/Documents/Work/durrant_git/binana/python/binana/_test/test_data/metal/input/receptor.pdb
          salt_bridge_dist_cutoff       |             5.5            
                    test                |            False           

Atom-type pair counts within 2.5 angstroms:
    Atom Type | Atom Type | Count
   -----------|-----------|-------
        N     |     ZN    |   3   
        O     |     ZN    |   1   

Raw data:
     A:ZN(201):ZN(3059) - A:HIS(97):ND1(1426)
     A:ZN(201):ZN(3059) - A:HIS(100):NE2(1470)
     A:ZN(201):ZN(3059) - B:ASP(84):OD2(2747)
     A:ZN(201):ZN(3059) - B:HIS(86):ND1(2777)

Atom-type pair counts within 4.0 angstroms:
    Atom Type | Atom Type | Count
   -----------|-----------|-------
        C     |     ZN    |   10  
        H     |     ZN    |   8   
        N     |     ZN    |   3   
        O     |     ZN    |   3   

Raw data:
     A:ZN(201):ZN(3059) - A:HIS(96):O(1406)
     A:ZN(201):ZN(3059) - A:HIS(97):CA(1421)
     A:ZN(201):ZN(3059) - A:HIS(97):CB(1424)
     A:ZN(201):ZN(3059) - A:HIS(97):CG(1425)
     A:ZN(201):ZN(3059) - A:HIS(97):ND1(1426)
     A:ZN(201):ZN(3059) - A:HIS(97):CE1(1428)
     A:ZN(201):ZN(3059) - A:HIS(97):HA(1431)
     A:ZN(201):ZN(3059) - A:HIS(97):HB2(1432)
     A:ZN(201):ZN(3059) - A:HIS(97):HE1(1435)
     A:ZN(201):ZN(3059) - A:HIS(100):CD2(1468)
     A:ZN(201):ZN(3059) - A:HIS(100):CE1(1469)
     A:ZN(201):ZN(3059) - A:HIS(100):NE2(1470)
     A:ZN(201):ZN(3059) - A:HIS(100):HD2(1476)
     A:ZN(201):ZN(3059) - A:HIS(100):HE1(1477)
     A:ZN(201):ZN(3059) - B:ASP(84):CG(2745)
     A:ZN(201):ZN(3059) - B:ASP(84):OD1(2746)
     A:ZN(201):ZN(3059) - B:ASP(84):OD2(2747)
     A:ZN(201):ZN(3059) - B:HIS(86):CB(2775)
     A:ZN(201):ZN(3059) - B:HIS(86):CG(2776)
     A:ZN(201):ZN(3059) - B:HIS(86):ND1(2777)
     A:ZN(201):ZN(3059) - B:HIS(86):CE1(2779)
     A:ZN(201):ZN(3059) - B:HIS(86):HB2(2783)
     A:ZN(201):ZN(3059) - B:HIS(86):HB3(2784)
     A:ZN(201):ZN(3059) - B:HIS(86):HE1(2786)

Ligand atom types:
    Atom Type 
   -----------
        ZN    

Summed electrostatic energy by atom-type pair, in J/mol:
    Atom Type | Atom Type | Energy (J/mol)
   -----------|-----------|----------------
        C     |     ZN    |       0.0      
        H     |     ZN    |       0.0      
        N     |     ZN    |       0.0      
        O     |     ZN    |       0.0      

Number of rotatable bonds in the ligand: -1

Active-site flexibility:
    Sidechain/Backbone | Secondary Structure | Count 
   --------------------|---------------------|-------
         BACKBONE      |        ALPHA        |   2   
         SIDECHAIN     |        ALPHA        |   14  
         SIDECHAIN     |        OTHER        |   8   

Hydrogen bonds:
    Location of Donor | Sidechain/Backbone | Secondary Structure | Count 
   -------------------|--------------------|---------------------|-------

Raw data:

Halogen bonds:
    Location of Donor | Sidechain/Backbone | Secondary Structure | Count 
   -------------------|--------------------|---------------------|-------

Raw data:

Hydrophobic contacts (C-C):
    Sidechain/Backbone | Secondary Structure | Count 
   --------------------|---------------------|-------

Raw data:

pi-pi stacking interactions:
    Secondary Structure | Count 
   ---------------------|-------

Raw data:

T-stacking (face-to-edge) interactions:
    Secondary Structure | Count 
   ---------------------|-------

Raw data:

Cation-pi interactions:
    Which residue is charged? | Secondary Structure | Count 
   ---------------------------|---------------------|-------

Raw data:

Salt Bridges:
    Secondary Structure | Count 
   ---------------------|-------
           OTHER        |   1   

Raw data:
     [A:ZN(201):ZN(3059)] - [B:ASP(84):CG(2745) / B:ASP(84):OD1(2746) / B:ASP(84):OD2(2747)]

Metal Coordinations:

Raw data:
     A:ZN(201):ZN(3059) - A:HIS(97):ND1(1426)
     A:ZN(201):ZN(3059) - A:HIS(100):NE2(1470)
     A:ZN(201):ZN(3059) - B:ASP(84):OD1(2746)
     A:ZN(201):ZN(3059) - B:ASP(84):OD2(2747)
     A:ZN(201):ZN(3059) - B:HIS(86):ND1(2777)

JSON Output:


{
  "activeSiteFlexibility": {
    "BACKBONE_ALPHA": 2,
    "SIDECHAIN_ALPHA": 14,
    "SIDECHAIN_OTHER": 8
  },
  "cationPiInteractions": [],
  "closeContacts": [
    {
      "ligandAtoms": [
        {
          "atomIndex": 3059,
          "atomName": "ZN",
          "chain": "A",
          "resID": 201,
          "resName": "ZN"
        }
      ],
      "metrics": {
        "distance": 3.9457052601531233
      },
      "receptorAtoms": [
        {
          "atomIndex": 1406,
          "atomName": "O",
          "chain": "A",
          "resID": 96,
          "resName": "HIS"
        }
      ]
    },
    {
      "ligandAtoms": [
        {
          "atomIndex": 3059,
          "atomName": "ZN",
          "chain": "A",
          "resID": 201,
          "resName": "ZN"
        }
      ],
      "metrics": {
        "distance": 3.485937033281005
      },
      "receptorAtoms": [
        {
          "atomIndex": 1421,
          "atomName": "CA",
          "chain": "A",
          "resID": 97,
          "resName": "HIS"
        }
      ]
    },
    {
      "ligandAtoms": [
        {
          "atomIndex": 3059,
          "atomName": "ZN",
          "chain": "A",
          "resID": 201,
          "resName": "ZN"
        }
      ],
      "metrics": {
        "distance": 3.585619332834985
      },
      "receptorAtoms": [
        {
          "atomIndex": 1424,
          "atomName": "CB",
          "chain": "A",
          "resID": 97,
          "resName": "HIS"
        }
      ]
    },
    {
      "ligandAtoms": [
        {
          "atomIndex": 3059,
          "atomName": "ZN",
          "chain": "A",
          "resID": 201,
          "resName": "ZN"
        }
      ],
      "metrics": {
        "distance": 3.1269521902325215
      },
      "receptorAtoms": [
        {
          "atomIndex": 1425,
          "atomName": "CG",
          "chain": "A",
          "resID": 97,
          "resName": "HIS"
        }
      ]
    },
    {
      "ligandAtoms": [
        {
          "atomIndex": 3059,
          "atomName": "ZN",
          "chain": "A",
          "resID": 201,
          "resName": "ZN"
        }
      ],
      "metrics": {
        "distance": 1.974986835399159
      },
      "receptorAtoms": [
        {
          "atomIndex": 1426,
          "atomName": "ND1",
          "chain": "A",
          "resID": 97,
          "resName": "HIS"
        }
      ]
    },
    {
      "ligandAtoms": [
        {
          "atomIndex": 3059,
          "atomName": "ZN",
          "chain": "A",
          "resID": 201,
          "resName": "ZN"
        }
      ],
      "metrics": {
        "distance": 2.8912822414977004
      },
      "receptorAtoms": [
        {
          "atomIndex": 1428,
          "atomName": "CE1",
          "chain": "A",
          "resID": 97,
          "resName": "HIS"
        }
      ]
    },
    {
      "ligandAtoms": [
        {
          "atomIndex": 3059,
          "atomName": "ZN",
          "chain": "A",
          "resID": 201,
          "resName": "ZN"
        }
      ],
      "metrics": {
        "distance": 2.601606618995271
      },
      "receptorAtoms": [
        {
          "atomIndex": 1431,
          "atomName": "HA",
          "chain": "A",
          "resID": 97,
          "resName": "HIS"
        }
      ]
    },
    {
      "ligandAtoms": [
        {
          "atomIndex": 3059,
          "atomName": "ZN",
          "chain": "A",
          "resID": 201,
          "resName": "ZN"
        }
      ],
      "metrics": {
        "distance": 3.691663446198745
      },
      "receptorAtoms": [
        {
          "atomIndex": 1432,
          "atomName": "HB2",
          "chain": "A",
          "resID": 97,
          "resName": "HIS"
        }
      ]
    },
    {
      "ligandAtoms": [
        {
          "atomIndex": 3059,
          "atomName": "ZN",
          "chain": "A",
          "resID": 201,
          "resName": "ZN"
        }
      ],
      "metrics": {
        "distance": 3.177007869049111
      },
      "receptorAtoms": [
        {
          "atomIndex": 1435,
          "atomName": "HE1",
          "chain": "A",
          "resID": 97,
          "resName": "HIS"
        }
      ]
    },
    {
      "ligandAtoms": [
        {
          "atomIndex": 3059,
          "atomName": "ZN",
          "chain": "A",
          "resID": 201,
          "resName": "ZN"
        }
      ],
      "metrics": {
        "distance": 2.9500057627062395
      },
      "receptorAtoms": [
        {
          "atomIndex": 1468,
          "atomName": "CD2",
          "chain": "A",
          "resID": 100,
          "resName": "HIS"
        }
      ]
    },
    {
      "ligandAtoms": [
        {
          "atomIndex": 3059,
          "atomName": "ZN",
          "chain": "A",
          "resID": 201,
          "resName": "ZN"
        }
      ],
      "metrics": {
        "distance": 3.102163922167877
      },
      "receptorAtoms": [
        {
          "atomIndex": 1469,
          "atomName": "CE1",
          "chain": "A",
          "resID": 100,
          "resName": "HIS"
        }
      ]
    },
    {
      "ligandAtoms": [
        {
          "atomIndex": 3059,
          "atomName": "ZN",
          "chain": "A",
          "resID": 201,
          "resName": "ZN"
        }
      ],
      "metrics": {
        "distance": 2.0332422383965976
      },
      "receptorAtoms": [
        {
          "atomIndex": 1470,
          "atomName": "NE2",
          "chain": "A",
          "resID": 100,
          "resName": "HIS"
        }
      ]
    },
    {
      "ligandAtoms": [
        {
          "atomIndex": 3059,
          "atomName": "ZN",
          "chain": "A",
          "resID": 201,
          "resName": "ZN"
        }
      ],
      "metrics": {
        "distance": 3.161728166683533
      },
      "receptorAtoms": [
        {
          "atomIndex": 1476,
          "atomName": "HD2",
          "chain": "A",
          "resID": 100,
          "resName": "HIS"
        }
      ]
    },
    {
      "ligandAtoms": [
        {
          "atomIndex": 3059,
          "atomName": "ZN",
          "chain": "A",
          "resID": 201,
          "resName": "ZN"
        }
      ],
      "metrics": {
        "distance": 3.438283437996349
      },
      "receptorAtoms": [
        {
          "atomIndex": 1477,
          "atomName": "HE1",
          "chain": "A",
          "resID": 100,
          "resName": "HIS"
        }
      ]
    },
    {
      "ligandAtoms": [
        {
          "atomIndex": 3059,
          "atomName": "ZN",
          "chain": "A",
          "resID": 201,
          "resName": "ZN"
        }
      ],
      "metrics": {
        "distance": 2.6878173301026256
      },
      "receptorAtoms": [
        {
          "atomIndex": 2745,
          "atomName": "CG",
          "chain": "B",
          "resID": 84,
          "resName": "ASP"
        }
      ]
    },
    {
      "ligandAtoms": [
        {
          "atomIndex": 3059,
          "atomName": "ZN",
          "chain": "A",
          "resID": 201,
          "resName": "ZN"
        }
      ],
      "metrics": {
        "distance": 2.507389080298465
      },
      "receptorAtoms": [
        {
          "atomIndex": 2746,
          "atomName": "OD1",
          "chain": "B",
          "resID": 84,
          "resName": "ASP"
        }
      ]
    },
    {
      "ligandAtoms": [
        {
          "atomIndex": 3059,
          "atomName": "ZN",
          "chain": "A",
          "resID": 201,
          "resName": "ZN"
        }
      ],
      "metrics": {
        "distance": 2.1392776818356247
      },
      "receptorAtoms": [
        {
          "atomIndex": 2747,
          "atomName": "OD2",
          "chain": "B",
          "resID": 84,
          "resName": "ASP"
        }
      ]
    },
    {
      "ligandAtoms": [
        {
          "atomIndex": 3059,
          "atomName": "ZN",
          "chain": "A",
          "resID": 201,
          "resName": "ZN"
        }
      ],
      "metrics": {
        "distance": 3.355510244359267
      },
      "receptorAtoms": [
        {
          "atomIndex": 2775,
          "atomName": "CB",
          "chain": "B",
          "resID": 86,
          "resName": "HIS"
        }
      ]
    },
    {
      "ligandAtoms": [
        {
          "atomIndex": 3059,
          "atomName": "ZN",
          "chain": "A",
          "resID": 201,
          "resName": "ZN"
        }
      ],
      "metrics": {
        "distance": 2.962156140381529
      },
      "receptorAtoms": [
        {
          "atomIndex": 2776,
          "atomName": "CG",
          "chain": "B",
          "resID": 86,
          "resName": "HIS"
        }
      ]
    },
    {
      "ligandAtoms": [
        {
          "atomIndex": 3059,
          "atomName": "ZN",
          "chain": "A",
          "resID": 201,
          "resName": "ZN"
        }
      ],
      "metrics": {
        "distance": 1.910302593831671
      },
      "receptorAtoms": [
        {
          "atomIndex": 2777,
          "atomName": "ND1",
          "chain": "B",
          "resID": 86,
          "resName": "HIS"
        }
      ]
    },
    {
      "ligandAtoms": [
        {
          "atomIndex": 3059,
          "atomName": "ZN",
          "chain": "A",
          "resID": 201,
          "resName": "ZN"
        }
      ],
      "metrics": {
        "distance": 2.9693544753026746
      },
      "receptorAtoms": [
        {
          "atomIndex": 2779,
          "atomName": "CE1",
          "chain": "B",
          "resID": 86,
          "resName": "HIS"
        }
      ]
    },
    {
      "ligandAtoms": [
        {
          "atomIndex": 3059,
          "atomName": "ZN",
          "chain": "A",
          "resID": 201,
          "resName": "ZN"
        }
      ],
      "metrics": {
        "distance": 2.8637063396933673
      },
      "receptorAtoms": [
        {
          "atomIndex": 2783,
          "atomName": "HB2",
          "chain": "B",
          "resID": 86,
          "resName": "HIS"
        }
      ]
    },
    {
      "ligandAtoms": [
        {
          "atomIndex": 3059,
          "atomName": "ZN",
          "chain": "A",
          "resID": 201,
          "resName": "ZN"
        }
      ],
      "metrics": {
        "distance": 3.9993992048806546
      },
      "receptorAtoms": [
        {
          "atomIndex": 2784,
          "atomName": "HB3",
          "chain": "B",
          "resID": 86,
          "resName": "HIS"
        }
      ]
    },
    {
      "ligandAtoms": [
        {
          "atomIndex": 3059,
          "atomName": "ZN",
          "chain": "A",
          "resID": 201,
          "resName": "ZN"
        }
      ],
      "metrics": {
        "distance": 3.1795265370806454
      },
      "receptorAtoms": [
        {
          "atomIndex": 2786,
          "atomName": "HE1",
          "chain": "B",
          "resID": 86,
          "resName": "HIS"
        }
      ]
    }
  ],
  "closestContacts": [
    {
      "ligandAtoms": [
        {
          "atomIndex": 3059,
          "atomName": "ZN",
          "chain": "A",
          "resID": 201,
          "resName": "ZN"
        }
      ],
      "metrics": {
        "distance": 1.974986835399159
      },
      "receptorAtoms": [
        {
          "atomIndex": 1426,
          "atomName": "ND1",
          "chain": "A",
          "resID": 97,
          "resName": "HIS"
        }
      ]
    },
    {
      "ligandAtoms": [
        {
          "atomIndex": 3059,
          "atomName": "ZN",
          "chain": "A",
          "resID": 201,
          "resName": "ZN"
        }
      ],
      "metrics": {
        "distance": 2.0332422383965976
      },
      "receptorAtoms": [
        {
          "atomIndex": 1470,
          "atomName": "NE2",
          "chain": "A",
          "resID": 100,
          "resName": "HIS"
        }
      ]
    },
    {
      "ligandAtoms": [
        {
          "atomIndex": 3059,
          "atomName": "ZN",
          "chain": "A",
          "resID": 201,
          "resName": "ZN"
        }
      ],
      "metrics": {
        "distance": 2.1392776818356247
      },
      "receptorAtoms": [
        {
          "atomIndex": 2747,
          "atomName": "OD2",
          "chain": "B",
          "resID": 84,
          "resName": "ASP"
        }
      ]
    },
    {
      "ligandAtoms": [
        {
          "atomIndex": 3059,
          "atomName": "ZN",
          "chain": "A",
          "resID": 201,
          "resName": "ZN"
        }
      ],
      "metrics": {
        "distance": 1.910302593831671
      },
      "receptorAtoms": [
        {
          "atomIndex": 2777,
          "atomName": "ND1",
          "chain": "B",
          "resID": 86,
          "resName": "HIS"
        }
      ]
    }
  ],
  "electrostaticEnergies": {
    "C_ZN": 0.0,
    "H_ZN": 0.0,
    "N_ZN": 0.0,
    "O_ZN": 0.0
  },
  "halogenBonds": [],
  "hydrogenBonds": [],
  "hydrophobicContacts": [],
  "ligandAtomTypes": {
    "ZN": 1
  },
  "ligandRotatableBonds": -1,
  "metalCoordinations": [
    {
      "ligandAtoms": [
        {
          "atomIndex": 3059,
          "atomName": "ZN",
          "chain": "A",
          "resID": 201,
          "resName": "ZN"
        }
      ],
      "metrics": {
        "distance": 1.974986835399159
      },
      "receptorAtoms": [
        {
          "atomIndex": 1426,
          "atomName": "ND1",
          "chain": "A",
          "resID": 97,
          "resName": "HIS"
        }
      ]
    },
    {
      "ligandAtoms": [
        {
          "atomIndex": 3059,
          "atomName": "ZN",
          "chain": "A",
          "resID": 201,
          "resName": "ZN"
        }
      ],
      "metrics": {
        "distance": 2.0332422383965976
      },
      "receptorAtoms": [
        {
          "atomIndex": 1470,
          "atomName": "NE2",
          "chain": "A",
          "resID": 100,
          "resName": "HIS"
        }
      ]
    },
    {
      "ligandAtoms": [
        {
          "atomIndex": 3059,
          "atomName": "ZN",
          "chain": "A",
          "resID": 201,
          "resName": "ZN"
        }
      ],
      "metrics": {
        "distance": 2.507389080298465
      },
      "receptorAtoms": [
        {
          "atomIndex": 2746,
          "atomName": "OD1",
          "chain": "B",
          "resID": 84,
          "resName": "ASP"
        }
      ]
    },
    {
      "ligandAtoms": [
        {
          "atomIndex": 3059,
          "atomName": "ZN",
          "chain": "A",
          "resID": 201,
          "resName": "ZN"
        }
      ],
      "metrics": {
        "distance": 2.1392776818356247
      },
      "receptorAtoms": [
        {
          "atomIndex": 2747,
          "atomName": "OD2",
          "chain": "B",
          "resID": 84,
          "resName": "ASP"
        }
      ]
    },
    {
      "ligandAtoms": [
        {
          "atomIndex": 3059,
          "atomName": "ZN",
          "chain": "A",
          "resID": 201,
          "resName": "ZN"
        }
      ],
      "metrics": {
        "distance": 1.910302593831671
      },
      "receptorAtoms": [
        {
          "atomIndex": 2777,
          "atomName": "ND1",
          "chain": "B",
          "resID": 86,
          "resName": "HIS"
        }
      ]
    }
  ],
  "piPiStackingInteractions": [],
  "saltBridges": [
    {
      "ligandAtoms": [
        {
          "atomIndex": 3059,
          "atomName": "ZN",
          "chain": "A",
          "resID": 201,
          "resName": "ZN"
        }
      ],
      "metrics": {
        "distance": 2.043916889210516
      },
      "receptorAtoms": [
        {
          "atomIndex": 2745,
          "atomName": "CG",
          "chain": "B",
          "resID": 84,
          "resName": "ASP"
        },
        {
          "atomIndex": 2746,
          "atomName": "OD1",
          "chain": "B",
          "resID": 84,
          "resName": "ASP"
        },
        {
          "atomIndex": 2747,
          "atomName": "OD2",
          "chain": "B",
          "resID": 84,
          "resName": "ASP"
        }
      ]
    }
  ],
  "tStackingInteractions": []
}
