activeSiteFlexibility
,BACKBONE_ALPHA,2
,SIDECHAIN_ALPHA,14
,SIDECHAIN_OTHER,8
cationPiInteractions,none
closeContacts
,closeContacts.1
,,ligandAtoms
,,,atomIndex,3059
,,,atomName,ZN
,,,chain,A
,,,resID,201
,,,resName,ZN
,,metrics
,,,distance,3.9457052601531233
,,receptorAtoms
,,,atomIndex,1406
,,,atomName,O
,,,chain,A
,,,resID,96
,,,resName,HIS
,closeContacts.2
,,ligandAtoms
,,,atomIndex,3059
,,,atomName,ZN
,,,chain,A
,,,resID,201
,,,resName,ZN
,,metrics
,,,distance,3.485937033281005
,,receptorAtoms
,,,atomIndex,1421
,,,atomName,CA
,,,chain,A
,,,resID,97
,,,resName,HIS
,closeContacts.3
,,ligandAtoms
,,,atomIndex,3059
,,,atomName,ZN
,,,chain,A
,,,resID,201
,,,resName,ZN
,,metrics
,,,distance,3.585619332834985
,,receptorAtoms
,,,atomIndex,1424
,,,atomName,CB
,,,chain,A
,,,resID,97
,,,resName,HIS
,closeContacts.4
,,ligandAtoms
,,,atomIndex,3059
,,,atomName,ZN
,,,chain,A
,,,resID,201
,,,resName,ZN
,,metrics
,,,distance,3.1269521902325215
,,receptorAtoms
,,,atomIndex,1425
,,,atomName,CG
,,,chain,A
,,,resID,97
,,,resName,HIS
,closeContacts.5
,,ligandAtoms
,,,atomIndex,3059
,,,atomName,ZN
,,,chain,A
,,,resID,201
,,,resName,ZN
,,metrics
,,,distance,1.974986835399159
,,receptorAtoms
,,,atomIndex,1426
,,,atomName,ND1
,,,chain,A
,,,resID,97
,,,resName,HIS
,closeContacts.6
,,ligandAtoms
,,,atomIndex,3059
,,,atomName,ZN
,,,chain,A
,,,resID,201
,,,resName,ZN
,,metrics
,,,distance,2.8912822414977004
,,receptorAtoms
,,,atomIndex,1428
,,,atomName,CE1
,,,chain,A
,,,resID,97
,,,resName,HIS
,closeContacts.7
,,ligandAtoms
,,,atomIndex,3059
,,,atomName,ZN
,,,chain,A
,,,resID,201
,,,resName,ZN
,,metrics
,,,distance,2.601606618995271
,,receptorAtoms
,,,atomIndex,1431
,,,atomName,HA
,,,chain,A
,,,resID,97
,,,resName,HIS
,closeContacts.8
,,ligandAtoms
,,,atomIndex,3059
,,,atomName,ZN
,,,chain,A
,,,resID,201
,,,resName,ZN
,,metrics
,,,distance,3.691663446198745
,,receptorAtoms
,,,atomIndex,1432
,,,atomName,HB2
,,,chain,A
,,,resID,97
,,,resName,HIS
,closeContacts.9
,,ligandAtoms
,,,atomIndex,3059
,,,atomName,ZN
,,,chain,A
,,,resID,201
,,,resName,ZN
,,metrics
,,,distance,3.177007869049111
,,receptorAtoms
,,,atomIndex,1435
,,,atomName,HE1
,,,chain,A
,,,resID,97
,,,resName,HIS
,closeContacts.10
,,ligandAtoms
,,,atomIndex,3059
,,,atomName,ZN
,,,chain,A
,,,resID,201
,,,resName,ZN
,,metrics
,,,distance,2.9500057627062395
,,receptorAtoms
,,,atomIndex,1468
,,,atomName,CD2
,,,chain,A
,,,resID,100
,,,resName,HIS
,closeContacts.11
,,ligandAtoms
,,,atomIndex,3059
,,,atomName,ZN
,,,chain,A
,,,resID,201
,,,resName,ZN
,,metrics
,,,distance,3.102163922167877
,,receptorAtoms
,,,atomIndex,1469
,,,atomName,CE1
,,,chain,A
,,,resID,100
,,,resName,HIS
,closeContacts.12
,,ligandAtoms
,,,atomIndex,3059
,,,atomName,ZN
,,,chain,A
,,,resID,201
,,,resName,ZN
,,metrics
,,,distance,2.0332422383965976
,,receptorAtoms
,,,atomIndex,1470
,,,atomName,NE2
,,,chain,A
,,,resID,100
,,,resName,HIS
,closeContacts.13
,,ligandAtoms
,,,atomIndex,3059
,,,atomName,ZN
,,,chain,A
,,,resID,201
,,,resName,ZN
,,metrics
,,,distance,3.161728166683533
,,receptorAtoms
,,,atomIndex,1476
,,,atomName,HD2
,,,chain,A
,,,resID,100
,,,resName,HIS
,closeContacts.14
,,ligandAtoms
,,,atomIndex,3059
,,,atomName,ZN
,,,chain,A
,,,resID,201
,,,resName,ZN
,,metrics
,,,distance,3.438283437996349
,,receptorAtoms
,,,atomIndex,1477
,,,atomName,HE1
,,,chain,A
,,,resID,100
,,,resName,HIS
,closeContacts.15
,,ligandAtoms
,,,atomIndex,3059
,,,atomName,ZN
,,,chain,A
,,,resID,201
,,,resName,ZN
,,metrics
,,,distance,2.6878173301026256
,,receptorAtoms
,,,atomIndex,2745
,,,atomName,CG
,,,chain,B
,,,resID,84
,,,resName,ASP
,closeContacts.16
,,ligandAtoms
,,,atomIndex,3059
,,,atomName,ZN
,,,chain,A
,,,resID,201
,,,resName,ZN
,,metrics
,,,distance,2.507389080298465
,,receptorAtoms
,,,atomIndex,2746
,,,atomName,OD1
,,,chain,B
,,,resID,84
,,,resName,ASP
,closeContacts.17
,,ligandAtoms
,,,atomIndex,3059
,,,atomName,ZN
,,,chain,A
,,,resID,201
,,,resName,ZN
,,metrics
,,,distance,2.1392776818356247
,,receptorAtoms
,,,atomIndex,2747
,,,atomName,OD2
,,,chain,B
,,,resID,84
,,,resName,ASP
,closeContacts.18
,,ligandAtoms
,,,atomIndex,3059
,,,atomName,ZN
,,,chain,A
,,,resID,201
,,,resName,ZN
,,metrics
,,,distance,3.355510244359267
,,receptorAtoms
,,,atomIndex,2775
,,,atomName,CB
,,,chain,B
,,,resID,86
,,,resName,HIS
,closeContacts.19
,,ligandAtoms
,,,atomIndex,3059
,,,atomName,ZN
,,,chain,A
,,,resID,201
,,,resName,ZN
,,metrics
,,,distance,2.962156140381529
,,receptorAtoms
,,,atomIndex,2776
,,,atomName,CG
,,,chain,B
,,,resID,86
,,,resName,HIS
,closeContacts.20
,,ligandAtoms
,,,atomIndex,3059
,,,atomName,ZN
,,,chain,A
,,,resID,201
,,,resName,ZN
,,metrics
,,,distance,1.910302593831671
,,receptorAtoms
,,,atomIndex,2777
,,,atomName,ND1
,,,chain,B
,,,resID,86
,,,resName,HIS
,closeContacts.21
,,ligandAtoms
,,,atomIndex,3059
,,,atomName,ZN
,,,chain,A
,,,resID,201
,,,resName,ZN
,,metrics
,,,distance,2.9693544753026746
,,receptorAtoms
,,,atomIndex,2779
,,,atomName,CE1
,,,chain,B
,,,resID,86
,,,resName,HIS
,closeContacts.22
,,ligandAtoms
,,,atomIndex,3059
,,,atomName,ZN
,,,chain,A
,,,resID,201
,,,resName,ZN
,,metrics
,,,distance,2.8637063396933673
,,receptorAtoms
,,,atomIndex,2783
,,,atomName,HB2
,,,chain,B
,,,resID,86
,,,resName,HIS
,closeContacts.23
,,ligandAtoms
,,,atomIndex,3059
,,,atomName,ZN
,,,chain,A
,,,resID,201
,,,resName,ZN
,,metrics
,,,distance,3.9993992048806546
,,receptorAtoms
,,,atomIndex,2784
,,,atomName,HB3
,,,chain,B
,,,resID,86
,,,resName,HIS
,closeContacts.24
,,ligandAtoms
,,,atomIndex,3059
,,,atomName,ZN
,,,chain,A
,,,resID,201
,,,resName,ZN
,,metrics
,,,distance,3.1795265370806454
,,receptorAtoms
,,,atomIndex,2786
,,,atomName,HE1
,,,chain,B
,,,resID,86
,,,resName,HIS
closestContacts
,closestContacts.1
,,ligandAtoms
,,,atomIndex,3059
,,,atomName,ZN
,,,chain,A
,,,resID,201
,,,resName,ZN
,,metrics
,,,distance,1.974986835399159
,,receptorAtoms
,,,atomIndex,1426
,,,atomName,ND1
,,,chain,A
,,,resID,97
,,,resName,HIS
,closestContacts.2
,,ligandAtoms
,,,atomIndex,3059
,,,atomName,ZN
,,,chain,A
,,,resID,201
,,,resName,ZN
,,metrics
,,,distance,2.0332422383965976
,,receptorAtoms
,,,atomIndex,1470
,,,atomName,NE2
,,,chain,A
,,,resID,100
,,,resName,HIS
,closestContacts.3
,,ligandAtoms
,,,atomIndex,3059
,,,atomName,ZN
,,,chain,A
,,,resID,201
,,,resName,ZN
,,metrics
,,,distance,2.1392776818356247
,,receptorAtoms
,,,atomIndex,2747
,,,atomName,OD2
,,,chain,B
,,,resID,84
,,,resName,ASP
,closestContacts.4
,,ligandAtoms
,,,atomIndex,3059
,,,atomName,ZN
,,,chain,A
,,,resID,201
,,,resName,ZN
,,metrics
,,,distance,1.910302593831671
,,receptorAtoms
,,,atomIndex,2777
,,,atomName,ND1
,,,chain,B
,,,resID,86
,,,resName,HIS
electrostaticEnergies
,C_ZN,0.0
,H_ZN,0.0
,N_ZN,0.0
,O_ZN,0.0
halogenBonds,none
hydrogenBonds,none
hydrophobicContacts,none
ligandAtomTypes
,ZN,1
ligandRotatableBonds,-1
metalCoordinations
,metalCoordinations.1
,,ligandAtoms
,,,atomIndex,3059
,,,atomName,ZN
,,,chain,A
,,,resID,201
,,,resName,ZN
,,metrics
,,,distance,1.974986835399159
,,receptorAtoms
,,,atomIndex,1426
,,,atomName,ND1
,,,chain,A
,,,resID,97
,,,resName,HIS
,metalCoordinations.2
,,ligandAtoms
,,,atomIndex,3059
,,,atomName,ZN
,,,chain,A
,,,resID,201
,,,resName,ZN
,,metrics
,,,distance,2.0332422383965976
,,receptorAtoms
,,,atomIndex,1470
,,,atomName,NE2
,,,chain,A
,,,resID,100
,,,resName,HIS
,metalCoordinations.3
,,ligandAtoms
,,,atomIndex,3059
,,,atomName,ZN
,,,chain,A
,,,resID,201
,,,resName,ZN
,,metrics
,,,distance,2.507389080298465
,,receptorAtoms
,,,atomIndex,2746
,,,atomName,OD1
,,,chain,B
,,,resID,84
,,,resName,ASP
,metalCoordinations.4
,,ligandAtoms
,,,atomIndex,3059
,,,atomName,ZN
,,,chain,A
,,,resID,201
,,,resName,ZN
,,metrics
,,,distance,2.1392776818356247
,,receptorAtoms
,,,atomIndex,2747
,,,atomName,OD2
,,,chain,B
,,,resID,84
,,,resName,ASP
,metalCoordinations.5
,,ligandAtoms
,,,atomIndex,3059
,,,atomName,ZN
,,,chain,A
,,,resID,201
,,,resName,ZN
,,metrics
,,,distance,1.910302593831671
,,receptorAtoms
,,,atomIndex,2777
,,,atomName,ND1
,,,chain,B
,,,resID,86
,,,resName,HIS
piPiStackingInteractions,none
saltBridges
,ligandAtoms
,,atomIndex,3059
,,atomName,ZN
,,chain,A
,,resID,201
,,resName,ZN
,metrics
,,distance,2.043916889210516
,receptorAtoms
,,receptorAtoms.1
,,,atomIndex,2745
,,,atomName,CG
,,,chain,B
,,,resID,84
,,,resName,ASP
,,receptorAtoms.2
,,,atomIndex,2746
,,,atomName,OD1
,,,chain,B
,,,resID,84
,,,resName,ASP
,,receptorAtoms.3
,,,atomIndex,2747
,,,atomName,OD2
,,,chain,B
,,,resID,84
,,,resName,ASP
tStackingInteractions,none
